
> ticket@1.0.0 start
> expo start --port 8082 --clear

Starting project at D:\ticket
React Compiler enabled
Metro is running in CI mode, reloads are disabled. Remove CI=true to enable watch mode.
Starting Metro Bundler
warning: Bundler cache is empty, rebuilding (this may take a minute)
Waiting on http://localhost:8082
Logs for your project will appear below.
Web node_modules\expo-router\entry.js ░░░░░░░░░░░░░░░░  0.0% (0/1)
Web node_modules\expo-router\entry.js ▓▓░░░░░░░░░░░░░░ 16.0% ( 4/10)
λ node_modules\expo-router\node\render.js ▓░░░░░░░░░░░░░░░  9.6% ( 15/110)
Web node_modules\expo-router\entry.js ░░░░░░░░░░░░░░░░  0.0% (0/1)
λ node_modules\expo-router\node\render.js ░░░░░░░░░░░░░░░░  0.0% (0/1)
Web node_modules\expo-router\entry.js ▓▓▓▓▓▓▓▓▓▓▓░░░░░ 71.4% (533/631)
λ node_modules\expo-router\node\render.js ▓▓▓▓▓▓▓▓▓▓▓▓▓▓░░ 88.5% (811/862)
Web node_modules\expo-router\entry.js ░░░░░░░░░░░░░░░░  0.0% (0/1)
λ node_modules\expo-router\node\render.js ░░░░░░░░░░░░░░░░  0.0% (0/1)
λ Bundled 7934ms node_modules\expo-router\node\render.js (994 modules)
λ Bundled 5682ms node_modules\expo-router\node\render.js (1 module)
Web Bundled 9391ms node_modules\expo-router\entry.js (952 modules)
Web Bundled 7140ms node_modules\expo-router\entry.js (1 module)
Web node_modules\expo-router\entry.js ▓▓▓▓▓▓▓▓▓▓▓░░░░░ 70.1% (572/683)
Web Bundled 2125ms node_modules\expo-router\entry.js (953 modules)
Web Bundled 25ms node_modules\expo-router\entry.js (1 module)
 LOG  [web] Logs will appear in the browser console
Web node_modules\expo-router\entry.js ░░░░░░░░░░░░░░░░  0.0% (0/1)
λ Bundled 49ms node_modules\expo-router\node\render.js (1 module)
Web Bundled 663ms node_modules\expo-router\entry.js (1 module)
Web node_modules\expo-router\entry.js ░░░░░░░░░░░░░░░░  0.0% (0/1)
λ Bundled 64ms node_modules\expo-router\node\render.js (1 module)
Web Bundled 804ms node_modules\expo-router\entry.js (1 module)
Web Bundled 58ms node_modules\expo-router\entry.js (1 module)
λ Bundled 50ms node_modules\expo-router\node\render.js (1 module)
Web Bundled 763ms node_modules\expo-router\entry.js (1 module)
Web Bundled 51ms node_modules\expo-router\entry.js (1 module)
 LOG  [web] Logs will appear in the browser console
